<html>
<body>
<pre>
<h1>礦ision Build Log</h1>
<h2>Tool Versions:</h2>
IDE-Version: μVision V5.14.0.0
Copyright (C) 2015 ARM Ltd and ARM Germany GmbH. All rights reserved.
License Information: 1 ZKX, 1, LIC=----
 
Tool Versions:
Toolchain:       MDK-Lite  Version: 5.14.0.0
Toolchain Path:  C:\Users\ZKX\Desktop\AIoT_Sys\ARM\ARMCC\Bin
C Compiler:      Armcc.exe V5.05 update 1 (build 106)
Assembler:       Armasm.exe V5.05 update 1 (build 106)
Linker/Locator:  ArmLink.exe V5.05 update 1 (build 106)
Library Manager: ArmAr.exe V5.05 update 1 (build 106)
Hex Converter:   FromElf.exe V5.05 update 1 (build 106)
CPU DLL:         SARMCM3.DLL V5.14.0.0
Dialog DLL:      DCM.DLL V1.13.1.0
Target DLL:      Segger\JL2CM3.dll V2.99.13.0
Dialog DLL:      TCM.DLL V1.14.4.0
 
<h2>Project:</h2>
C:\Users\ZKX\Desktop\AIoT_Sys\project\STM32发布数据到MQTT完整代码V1(1)\STM32发布数据到MQTT完整代码V1\USER\pro.uvprojx
Project File Date:  07/06/2026

<h2>Output:</h2>
Rebuild target 'project'
assembling startup_stm32f10x_hd.s...
compiling misc.c...
compiling stm32f10x_gpio.c...
compiling stm32f10x_rcc.c...
compiling stm32f10x_usart.c...
compiling stm32f10x_tim.c...
compiling stm32f10x_adc.c...
compiling system_stm32f10x.c...
compiling main.c...
compiling stm32f10x_it.c...
linking...
Program Size: Code=10744 RO-data=448 RW-data=88 ZI-data=1664  
FromELF: creating hex file...
"..\OBJ\pro.axf" - 0 Error(s), 0 Warning(s).

<h2>Collection of Component include folders:</h2>
  C:\Users\ZKX\Desktop\AIoT_Sys\project\STM32发布数据到MQTT完整代码V1(1)\STM32发布数据到MQTT完整代码V1\USER\RTE
  C:\Users\ZKX\Desktop\AIoT_Sys\ARM\PACK\Keil\STM32F1xx_DFP\1.0.5\Device\Include

<h2>Collection of Component Files used:</h2>
</pre>
</body>
</html>
